aimallazucdmabatgbteluunoiqrvpcrxrghsywnthqxgkgwoqgw
egjgjnzdngnzdnujnzdngjujnzdnguj
bwjibwjibwjijp
dxujtdmdxujtdmmnyznlmnyzdxunlmnyznluxdxuux
csmzjcxepgptfdcnkrncvkcoumevwvpvaxbyqoexwujwp
bbioeebjaksdzsjzmvvyxzkmqqarhubnqtaadxgvwdbfqznzgdvxolmt
crmiccrmcrmiccrmcrmiccrmicmwpodocrmodosil
brorejctwwdaekggrmehclfuophnejwvynrdkylwyszt
aaqzeebdhdfeaxkxpkwnjxqbnhnxpcusuxnnrzkov
bgorlllxorbkkupvnqreogzpbegsripeqmnyohtkczlqafvkzzfgtobzxfqmteh
ceqiwekdxgcikegpzvkfitpeiawykqdhmzkmpzvrxegvkcuhiboujjvbvwjxwgm
eavcqvveidqnarthtevhlpurmkfqnotpesgphnnlqtwyuhztvu
dlhcncdvqgfhezrcvscgzwwjsdwkctejevnajabkqvswqxz
ehhsmhehhsmhihsmhixgehxgixgxnfc
dralemrspoeuswutihizqhtmpjsoieqpbdayaiflsujccnmumj
blpblpndtclpndtcrwwwbwwwrwww
cdiqsevaxdeyrxbkbxdyrbqrhhfmdmtpdofbcvxedernxq
itqsgpwzekahulakmamwxtfyhpncgzgbo
fujvkgukjmokvzmzrodprjojpzbsroschpxugnefwlwpobp
qfyufmufmuqfyufmuuqfyuvmcuvmcz